
cruxc@DESKTOP-5717K8S MINGW64 ~ (master)
$ cd hugo
bash: cd: hugo: No such file or directory

cruxc@DESKTOP-5717K8S MINGW64 ~ (master)
$ cd c:\hugo\repositorios
bash: cd: c:hugorepositorios: No such file or directory

cruxc@DESKTOP-5717K8S MINGW64 ~ (master)
$ cd c:\hugo

cruxc@DESKTOP-5717K8S MINGW64 /c/hugo
$ cd \repositorios

cruxc@DESKTOP-5717K8S MINGW64 /c/hugo/repositorios (master)
$ cd CollaborationMode

cruxc@DESKTOP-5717K8S MINGW64 /c/hugo/repositorios/CollaborationMode (master)
$ git init
Initialized empty Git repository in C:/Hugo/Repositorios/CollaborationMode/.git/

cruxc@DESKTOP-5717K8S MINGW64 /c/hugo/repositorios/CollaborationMode (master)
$ git add remote origin https://github.com/Cruxzit/CollaborationMode
fatal: pathspec 'remote' did not match any files

cruxc@DESKTOP-5717K8S MINGW64 /c/hugo/repositorios/CollaborationMode (master)
$ git add remote origin https://github.com/Cruxzit/CollaborationMode
fatal: pathspec 'remote' did not match any files

cruxc@DESKTOP-5717K8S MINGW64 /c/hugo/repositorios/CollaborationMode (master)
$ git add remote origin https://github.com/Cruxzit/CollaborationMode.git
fatal: pathspec 'remote' did not match any files

cruxc@DESKTOP-5717K8S MINGW64 /c/hugo/repositorios/CollaborationMode (master)
$ ^C

cruxc@DESKTOP-5717K8S MINGW64 /c/hugo/repositorios/CollaborationMode (master)
$ ^C


cruxc@DESKTOP-5717K8S MINGW64 /c/hugo/repositorios/CollaborationMode (master)
$ git remote add origin https://github.com/Cruxzit/CollaborationMode.git

cruxc@DESKTOP-5717K8S MINGW64 /c/hugo/repositorios/CollaborationMode (master)
$ git add teste
fatal: pathspec 'teste' did not match any files

cruxc@DESKTOP-5717K8S MINGW64 /c/hugo/repositorios/CollaborationMode (master)
$ git add teste.txt

cruxc@DESKTOP-5717K8S MINGW64 /c/hugo/repositorios/CollaborationMode (master)
$ git status
On branch master

No commits yet

Changes to be committed:
  (use "git rm --cached <file>..." to unstage)
        new file:   teste.txt


cruxc@DESKTOP-5717K8S MINGW64 /c/hugo/repositorios/CollaborationMode (master)
$ git commit -m "primeiro commite teste"
[master (root-commit) bfab575] primeiro commite teste
 1 file changed, 3 insertions(+)
 create mode 100644 teste.txt

cruxc@DESKTOP-5717K8S MINGW64 /c/hugo/repositorios/CollaborationMode (master)
$ git push origin master
Enumerating objects: 3, done.
Counting objects: 100% (3/3), done.
Delta compression using up to 20 threads
Compressing objects: 100% (2/2), done.
Writing objects: 100% (3/3), 287 bytes | 287.00 KiB/s, done.
Total 3 (delta 0), reused 0 (delta 0), pack-reused 0 (from 0)
To https://github.com/Cruxzit/CollaborationMode.git
 * [new branch]      master -> master

cruxc@DESKTOP-5717K8S MINGW64 /c/hugo/repositorios/CollaborationMode (master)
$ git branch tarefa2

cruxc@DESKTOP-5717K8S MINGW64 /c/hugo/repositorios/CollaborationMode (master)
$ git checkout tarefa2
Switched to branch 'tarefa2'

cruxc@DESKTOP-5717K8S MINGW64 /c/hugo/repositorios/CollaborationMode (tarefa2)
$ git add index.html

cruxc@DESKTOP-5717K8S MINGW64 /c/hugo/repositorios/CollaborationMode (tarefa2)
$ git commit -m "segundo commite index"
[tarefa2 17c6055] segundo commite index
 1 file changed, 6 insertions(+)
 create mode 100644 index.html

cruxc@DESKTOP-5717K8S MINGW64 /c/hugo/repositorios/CollaborationMode (tarefa2)
$ git push origin tarefa2
Enumerating objects: 4, done.
Counting objects: 100% (4/4), done.
Delta compression using up to 20 threads
Compressing objects: 100% (3/3), done.
Writing objects: 100% (3/3), 339 bytes | 339.00 KiB/s, done.
Total 3 (delta 0), reused 0 (delta 0), pack-reused 0 (from 0)
remote:
remote: Create a pull request for 'tarefa2' on GitHub by visiting:
remote:      https://github.com/Cruxzit/CollaborationMode/pull/new/tarefa2
remote:
To https://github.com/Cruxzit/CollaborationMode.git
 * [new branch]      tarefa2 -> tarefa2

cruxc@DESKTOP-5717K8S MINGW64 /c/hugo/repositorios/CollaborationMode (tarefa2)
$ git checkout master
Switched to branch 'master'

cruxc@DESKTOP-5717K8S MINGW64 /c/hugo/repositorios/CollaborationMode (master)
$ git branch -d tarefa2
error: the branch 'tarefa2' is not fully merged
hint: If you are sure you want to delete it, run 'git branch -D tarefa2'
hint: Disable this message with "git config set advice.forceDeleteBranch false"

cruxc@DESKTOP-5717K8S MINGW64 /c/hugo/repositorios/CollaborationMode (master)
$ git branch -D tarefa2
Deleted branch tarefa2 (was 17c6055).

cruxc@DESKTOP-5717K8S MINGW64 /c/hugo/repositorios/CollaborationMode (master)
$ git push origin --delete tarefa2
remote: error: GH013: Repository rule violations found for refs/heads/tarefa2.
remote: Review all repository rules at https://github.com/Cruxzit/CollaborationMode/rules?ref=refs%2Fheads%2Ftarefa2
remote:
remote: - Cannot delete this branch
remote:
To https://github.com/Cruxzit/CollaborationMode.git
 ! [remote rejected] tarefa2 (push declined due to repository rule violations)
error: failed to push some refs to 'https://github.com/Cruxzit/CollaborationMode.git'

cruxc@DESKTOP-5717K8S MINGW64 /c/hugo/repositorios/CollaborationMode (master)
$ ^C

cruxc@DESKTOP-5717K8S MINGW64 /c/hugo/repositorios/CollaborationMode (master)
$ git push origin --delete tarefa2
To https://github.com/Cruxzit/CollaborationMode.git
 - [deleted]         tarefa2

cruxc@DESKTOP-5717K8S MINGW64 /c/hugo/repositorios/CollaborationMode (master)
$
